At C:\Users\user\micahskin-growth-engine\backend\scripts\realScrapeAndReport.ps1:70 char:81
+ ... stMethod -Uri "$base/api/admin/outreach-queue?status=pending&limit=50 ...
+                                                                 ~
The ampersand (&) character is not allowed. The & operator is reserved for future use; wrap an ampersand in double 
quotation marks ("&") to pass it as part of a string.
At C:\Users\user\micahskin-growth-engine\backend\scripts\realScrapeAndReport.ps1:74 char:16
+   Write-Host "[real] returned $($rows.Count) rows"
+                ~
Array index expression is missing or not valid.
At C:\Users\user\micahskin-growth-engine\backend\scripts\realScrapeAndReport.ps1:99 char:14
+ Write-Host "[real] elapsed=$([int]((Get-Date) - $startedAt).TotalSeco ...
+              ~
Array index expression is missing or not valid.
At C:\Users\user\micahskin-growth-engine\backend\scripts\realScrapeAndReport.ps1:99 char:75
+ ... Host "[real] elapsed=$([int]((Get-Date) - $startedAt).TotalSeconds)s"
+                                                                         ~
The string is missing the terminator: ".
At C:\Users\user\micahskin-growth-engine\backend\scripts\realScrapeAndReport.ps1:58 char:32
+     if ($s.state -eq 'failed') { Write-Host "[real] cycle failed ƒ?"  ...
+                                ~
Missing closing '}' in statement block or type definition.
At C:\Users\user\micahskin-growth-engine\backend\scripts\realScrapeAndReport.ps1:44 char:7
+   try {
+       ~
Missing closing '}' in statement block or type definition.
At C:\Users\user\micahskin-growth-engine\backend\scripts\realScrapeAndReport.ps1:100 char:1
+ 
The Try statement is missing its Catch or Finally block.
At C:\Users\user\micahskin-growth-engine\backend\scripts\realScrapeAndReport.ps1:31 char:45
+ while ($tick -lt $maxTicks -and -not $done) {
+                                             ~
Missing closing '}' in statement block or type definition.
    + CategoryInfo          : ParserError: (:) [], ParentContainsErrorRecordException
    + FullyQualifiedErrorId : AmpersandNotAllowed
 
